[www.landpage.co/netmilionario123.html]
[backblue.gif]
[fade.gif]
[index.html]
[styles.assets-landingi.com/bbfKUwrc/Bebas-neue.css]
[styles.assets-landingi.com/assets/css/2.11-landend-base.css]
[connect.facebook.net/en_US/fbevents.js]
[styles.assets-landingi.com/aH0Ynk1E/base.css]
[scripts.assets-landingi.com/lightboxes/lightbox-render4347.js]
[images.assets-landingi.com/0Mn8Hvz4ffjKsCih/SDRR.png]
[images.assets-landingi.com/Y8xOTWKCDE7wflbG/TYY.png]
[images.assets-landingi.com/Beif7QJd9l07Zc7q/TYY.png]
[images.assets-landingi.com/NAUYFOunPOTfUmru/TYY.png]
[images.assets-landingi.com/AmudrP3xs58SO1fc/SDA.png]
[images.assets-landingi.com/MWk4fkcVOSHRSlvR/facebook_2_.png]
[images.assets-landingi.com/xqOatsKuEAaKSFzo/marca.png]
[images.assets-landingi.com/CK60EJcAtmLHovkO/youtube_2_.png]
[images.assets-landingi.com/3fBPuGhZuwURyOuq/instagram_esbocado_1_.png]
[images.assets-landingi.com/AGd1EYNVjOaFTXwO/comercio_e_compras.png]
[images.assets-landingi.com/pSuIiPmUoG7ZL5Jj/afiliado.png]
[images.assets-landingi.com/wZCqgtqIuSFiqrpu/o_email.png]
[images.assets-landingi.com/DuRxi4Gx5ukWv8QG/smartphone_3_.png]
[images.assets-landingi.com/9Px8fVEJMoCWnAgI/comece.png]
[images.assets-landingi.com/fU5yI8OvA0AE7lPi/global.png]
[images.assets-landingi.com/J2gJtOkPTW2c3bU1/telegrama_2_.png]
[images.assets-landingi.com/Jjvjbio0Yl8fZioQ/WhatsApp_Image_2020_06_08_at_20.28.42.jpg]
[images.assets-landingi.com/5DhOVZ9c62kuYvrf/WhatsApp_Image_2020_06_06_at_06.44.00_1_.jpg]
[images.assets-landingi.com/0AZC9eWaBRJJAiPS/WhatsApp_Image_2020_06_08_at_14.58.46.jpg]
[images.assets-landingi.com/OI6sxRKXL2O6EGli/WhatsApp_Image_2020_08_15_at_12.27.40_1_.jpg]
[images.assets-landingi.com/YSe4UyM9ID9YzVf2/WhatsApp_Image_2020_08_15_at_12.27.40.jpg]
[images.assets-landingi.com/m2d5BsjE9LdJMonZ/WhatsApp_Image_2020_08_15_at_12.27.40_3_.jpg]
[images.assets-landingi.com/IwgKTYbsTc31Ipvv/WhatsApp_Image_2020_08_15_at_12.27.40_4_.jpg]
[images.assets-landingi.com/OVTBV9rzp5dod1fe/WhatsApp_Image_2020_08_15_at_12.27.40_2_.jpg]
[images.assets-landingi.com/LEZxiUc3yzEhBgQ6/WhatsApp_Image_2020_08_17_at_10.25.19.jpg]
[images.assets-landingi.com/yHEg5TS2/WhatsApp_Image_2020_08_17_at_10.25.43.jpeg]
[images.assets-landingi.com/k4Qxho1r7aS0ptKb/trtr.png]
[images.assets-landingi.com/RL824WlgapdhwO9O/rush.png]
[images.assets-landingi.com/aUZvQqm00RCytnOq/garantia_7_dias.png]
[images.assets-landingi.com/vuAMNzfiE0wzrlzb/SDRR.png]
[images.assets-landingi.com/hjjKL4ezjmfRuoGQ/WhatsApp_Image_2020_08_17_at_10.25.43.jpg]
[ajax.googleapis.com/ajax/libs/jquery/1.9.1/jquery.min.js]
[old.assets-landingi.com/bootstrap/js/landend.bootstrap.min.js]
[old.assets-landingi.com/bootstrap/js/bootbox.min.js]
[old.assets-landingi.com/js/landing.js]
[old.assets-landingi.com/assets/js/dist/landend/301019/landend.js]
[old.assets-landingi.com/assets/js/vendor/jquery-form/jquery.form.min.js]
[old.assets-landingi.com/assets/js/landend/190819/landend.js]
[old.assets-landingi.com/assets/js/landend/070619/validation.js]
[scripts.assets-landingi.com/shopify/27072020/iframe.js]
[scripts.assets-landingi.com/landend/030820/files.js]
[s3.eu-central-1.amazonaws.com/scripts.assets-landingi.com/customer-success/Lean_slider/lean-slider.js]
[www.landpage.co/netmilionario123.html]
[styles.assets-landingi.com/bbfKUwrc/Bebas-neue.css]
[styles.assets-landingi.com/assets/css/2.11-landend-base.css]
[scripts.assets-landingi.com/video-bg/v0.5/videoBackground.js]
[images.assets-landingi.com/Ccd6IsIY/WhatsApp_Image_2020_08_13_at_11.12.43.jpeg]
[styles.assets-landingi.com/aH0Ynk1E/base.css]
[www.landpage.co/POST.38.delayed]
[connect.facebook.net/en_US/fbevents.js]
[old.assets-landingi.com/bootstrap/js/landend.bootstrap.min.js]
[old.assets-landingi.com/bootstrap/js/bootbox.min.js]
[old.assets-landingi.com/js/landing.js]
[s3.eu-central-1.amazonaws.com/scripts.assets-landingi.com/customer-success/Lean_slider/lean-slider.css]
[s3.eu-central-1.amazonaws.com/scripts.assets-landingi.com/customer-success/Lean_slider/images/loading.gif]
[s3.eu-central-1.amazonaws.com/scripts.assets-landingi.com/customer-success/Lean_slider/images/arrows.png]
[s3.eu-central-1.amazonaws.com/scripts.assets-landingi.com/customer-success/Lean_slider/images/bullets.png]
[s3.eu-central-1.amazonaws.com/scripts.assets-landingi.com/customer-success/Lean_slider/sample-styles.css]
[www.landpage.co/POST.html]
